ASxxxx Linker V03.00 + NoICE + sdld,  page 1.
Hexadecimal  [32-Bits]

Area                                    Addr        Size        Decimal Bytes (Attributes)
--------------------------------        ----        ----        ------- ----- ------------
CABS                                00000000    00000000 =           0. bytes (ABS,CON)

      Value  Global                              Global Defined In Module
      -----  --------------------------------   ------------------------
     00000000  l_BIT_BANK                      
     00000000  l_BSEG                          
     00000000  l_BSEG_BYTES                    
     00000000  l_CABS                          
     00000000  l_DABS                          
     00000000  l_INITIALIZED                   
     00000000  l_INITIALIZER                   
     00000000  l_ISEG                          
     00000000  l_OSEG                          
     00000000  l_REG_BANK_0                    
     00000000  l_REG_BANK_1                    
     00000000  l_REG_BANK_2                    
     00000000  l_REG_BANK_3                    
     00000000  l__CODE                         
     00000000  s_BSEG                          
     00000000  s_CABS                          
     00000000  s_DABS                          
     00000000  s_DSEG                          
     00000000  s_REG_BANK_0                    
     00000000  s_SSEG                          
     00000001  s_DATA                          
     00000003  l_GSFINAL                       
     00000008  s_REG_BANK_1                    
     00000010  s_REG_BANK_2                    
     00000018  s_BIT_BANK                      
     00000018  s_ISEG                          
     00000018  s_OSEG                          
     00000018  s_REG_BANK_3                    
     0000001A  l_GSINIT                        
     00000020  s_BSEG_BYTES                    
     00000020  s__CODE                         
     00000048  l_DATA                          
     00000049  s_INITIALIZED                   
     00000080  l_DSEG                          
     00000080  l_IRAM                          
     00000080  l_SSEG                          
     00000083  l_HOME                          
     00002364  l_CODE                          
     00008000  s_HOME                          
     00008083  s_GSINIT                        
     0000809D  s_GSFINAL                       
     000080A0  s_CODE                          
     0000A404  s_INITIALIZER                   

ASxxxx Linker V03.00 + NoICE + sdld,  page 2.
Hexadecimal  [32-Bits]

Area                                    Addr        Size        Decimal Bytes (Attributes)
--------------------------------        ----        ----        ------- ----- ------------
.  .ABS.                            00000000    00000000 =           0. bytes (ABS,CON)

      Value  Global                              Global Defined In Module
      -----  --------------------------------   ------------------------
     00000000  .__.ABS.                           _divsint

ASxxxx Linker V03.00 + NoICE + sdld,  page 3.
Hexadecimal  [32-Bits]

Area                                    Addr        Size        Decimal Bytes (Attributes)
--------------------------------        ----        ----        ------- ----- ------------
DSEG                                00000000    00000080 =         128. bytes (REL,CON)

      Value  Global                              Global Defined In Module
      -----  --------------------------------   ------------------------
ASxxxx Linker V03.00 + NoICE + sdld,  page 4.
Hexadecimal  [32-Bits]

Area                                    Addr        Size        Decimal Bytes (Attributes)
--------------------------------        ----        ----        ------- ----- ------------
SSEG                                00000000    00000080 =         128. bytes (REL,OVR)

      Value  Global                              Global Defined In Module
      -----  --------------------------------   ------------------------
ASxxxx Linker V03.00 + NoICE + sdld,  page 5.
Hexadecimal  [32-Bits]

Area                                    Addr        Size        Decimal Bytes (Attributes)
--------------------------------        ----        ----        ------- ----- ------------
DATA                                00000001    00000048 =          72. bytes (REL,CON)

      Value  Global                              Global Defined In Module
      -----  --------------------------------   ------------------------
     00000025  _TOUCH_keys                        main

ASxxxx Linker V03.00 + NoICE + sdld,  page 6.
Hexadecimal  [32-Bits]

Area                                    Addr        Size        Decimal Bytes (Attributes)
--------------------------------        ----        ----        ------- ----- ------------
HOME                                00008000    00000083 =         131. bytes (REL,CON)

      Value  Global                              Global Defined In Module
      -----  --------------------------------   ------------------------
ASxxxx Linker V03.00 + NoICE + sdld,  page 7.
Hexadecimal  [32-Bits]

Area                                    Addr        Size        Decimal Bytes (Attributes)
--------------------------------        ----        ----        ------- ----- ------------
GSINIT                              00008083    0000001A =          26. bytes (REL,CON)

      Value  Global                              Global Defined In Module
      -----  --------------------------------   ------------------------
ASxxxx Linker V03.00 + NoICE + sdld,  page 8.
Hexadecimal  [32-Bits]

Area                                    Addr        Size        Decimal Bytes (Attributes)
--------------------------------        ----        ----        ------- ----- ------------
GSFINAL                             0000809D    00000003 =           3. bytes (REL,CON)

      Value  Global                              Global Defined In Module
      -----  --------------------------------   ------------------------
ASxxxx Linker V03.00 + NoICE + sdld,  page 9.
Hexadecimal  [32-Bits]

Area                                    Addr        Size        Decimal Bytes (Attributes)
--------------------------------        ----        ----        ------- ----- ------------
CODE                                000080A0    00002364 =        9060. bytes (REL,CON)

      Value  Global                              Global Defined In Module
      -----  --------------------------------   ------------------------
     000080A0  _SYSTIME_init                      sys_time
     000080CD  _SYSTIME_delay_ms                  sys_time
     00008138  _SYSTIME_delay_us                  sys_time
     0000816E  _SYSTIME_get_timeout_state         sys_time
     000081F3  _SYSTIME_set_timeout               sys_time
     00008248  _TOUCH_init                        main
     000083AE  _TOUCH_discharge_cycle             main
     00008481  _init                              main
     000084CE  _main                              main
     000084D4  _UART1_DeInit                      stm8s_uart1
     00008501  _UART1_Init                        stm8s_uart1
     0000869E  _UART1_Cmd                         stm8s_uart1
     000086B3  _UART1_ITConfig                    stm8s_uart1
     00008745  _UART1_HalfDuplexCmd               stm8s_uart1
     0000875A  _UART1_IrDAConfig                  stm8s_uart1
     0000876F  _UART1_IrDACmd                     stm8s_uart1
     00008784  _UART1_LINBreakDetectionConfig     stm8s_uart1
     00008799  _UART1_LINCmd                      stm8s_uart1
     000087AE  _UART1_SmartCardCmd                stm8s_uart1
     000087C3  _UART1_SmartCardNACKCmd            stm8s_uart1
     000087D8  _UART1_WakeUpConfig                stm8s_uart1
     000087EA  _UART1_ReceiverWakeUpCmd           stm8s_uart1
     000087FF  _UART1_ReceiveData8                stm8s_uart1
     00008804  _UART1_ReceiveData9                stm8s_uart1
     00008826  _UART1_SendData8                   stm8s_uart1
     0000882D  _UART1_SendData9                   stm8s_uart1
     00008850  _UART1_SendBreak                   stm8s_uart1
     00008855  _UART1_SetAddress                  stm8s_uart1
     00008867  _UART1_SetGuardTime                stm8s_uart1
     0000886E  _UART1_SetPrescaler                stm8s_uart1
     00008875  _UART1_GetFlagStatus               stm8s_uart1
     000088B9  _UART1_ClearFlag                   stm8s_uart1
     000088D0  _UART1_GetITStatus                 stm8s_uart1
     0000895A  _UART1_ClearITPendingBit           stm8s_uart1
     00008971  _I2C_DeInit                        stm8s_i2c
     00008998  _I2C_Init                          stm8s_i2c
     00008AD1  _I2C_Cmd                           stm8s_i2c
     00008AE3  _I2C_GeneralCallCmd                stm8s_i2c
     00008AF8  _I2C_GenerateSTART                 stm8s_i2c
     00008B0A  _I2C_GenerateSTOP                  stm8s_i2c
     00008B1F  _I2C_SoftwareResetCmd              stm8s_i2c
     00008B31  _I2C_StretchClockCmd               stm8s_i2c
     00008B43  _I2C_AcknowledgeConfig             stm8s_i2c
     00008B6E  _I2C_ITConfig                      stm8s_i2c
     00008B90  _I2C_FastModeDutyCycleConfig       stm8s_i2c
     00008BA7  _I2C_ReceiveData                   stm8s_i2c
     00008BAC  _I2C_Send7bitAddress               stm8s_i2c
     00008BBB  _I2C_SendData                      stm8s_i2c
     00008BC2  _I2C_CheckEvent                    stm8s_i2c
     00008C18  _I2C_GetLastEvent                  stm8s_i2c
ASxxxx Linker V03.00 + NoICE + sdld,  page 10.
Hexadecimal  [32-Bits]

Area                                    Addr        Size        Decimal Bytes (Attributes)
--------------------------------        ----        ----        ------- ----- ------------
CODE                                000080A0    00002364 =        9060. bytes (REL,CON)

      Value  Global                              Global Defined In Module
      -----  --------------------------------   ------------------------
     00008C55  _I2C_GetFlagStatus                 stm8s_i2c
     00008C8F  _I2C_ClearFlag                     stm8s_i2c
     00008C9B  _I2C_GetITStatus                   stm8s_i2c
     00008CFE  _I2C_ClearITPendingBit             stm8s_i2c
     00008D0A  _TIM1_DeInit                       stm8s_tim1
     00008DB1  _TIM1_TimeBaseInit                 stm8s_tim1
     00008DE4  _TIM1_OC1Init                      stm8s_tim1
     00008E51  _TIM1_OC2Init                      stm8s_tim1
     00008EBE  _TIM1_OC3Init                      stm8s_tim1
     00008F2B  _TIM1_OC4Init                      stm8s_tim1
     00008F7D  _TIM1_BDTRConfig                   stm8s_tim1
     00008F98  _TIM1_ICInit                       stm8s_tim1
     00009003  _TIM1_PWMIConfig                   stm8s_tim1
     00009080  _TIM1_Cmd                          stm8s_tim1
     00009092  _TIM1_CtrlPWMOutputs               stm8s_tim1
     000090A4  _TIM1_ITConfig                     stm8s_tim1
     000090C6  _TIM1_InternalClockConfig          stm8s_tim1
     000090CE  _TIM1_ETRClockMode1Config          stm8s_tim1
     000090E9  _TIM1_ETRClockMode2Config          stm8s_tim1
     000090FF  _TIM1_ETRConfig                    stm8s_tim1
     00009114  _TIM1_TIxExternalClockConfig       stm8s_tim1
     00009145  _TIM1_SelectInputTrigger           stm8s_tim1
     00009152  _TIM1_UpdateDisableConfig          stm8s_tim1
     00009167  _TIM1_UpdateRequestConfig          stm8s_tim1
     0000917C  _TIM1_SelectHallSensor             stm8s_tim1
     0000918E  _TIM1_SelectOnePulseMode           stm8s_tim1
     000091A3  _TIM1_SelectOutputTrigger          stm8s_tim1
     000091B0  _TIM1_SelectSlaveMode              stm8s_tim1
     000091BD  _TIM1_SelectMasterSlaveMode        stm8s_tim1
     000091CF  _TIM1_EncoderInterfaceConfig       stm8s_tim1
     0000921C  _TIM1_PrescalerConfig              stm8s_tim1
     00009235  _TIM1_CounterModeConfig            stm8s_tim1
     00009242  _TIM1_ForcedOC1Config              stm8s_tim1
     0000924F  _TIM1_ForcedOC2Config              stm8s_tim1
     0000925C  _TIM1_ForcedOC3Config              stm8s_tim1
     00009269  _TIM1_ForcedOC4Config              stm8s_tim1
     00009276  _TIM1_ARRPreloadConfig             stm8s_tim1
     00009288  _TIM1_SelectCOM                    stm8s_tim1
     0000929D  _TIM1_CCPreloadControl             stm8s_tim1
     000092AF  _TIM1_OC1PreloadConfig             stm8s_tim1
     000092C4  _TIM1_OC2PreloadConfig             stm8s_tim1
     000092D9  _TIM1_OC3PreloadConfig             stm8s_tim1
     000092EE  _TIM1_OC4PreloadConfig             stm8s_tim1
     00009303  _TIM1_OC1FastConfig                stm8s_tim1
     00009318  _TIM1_OC2FastConfig                stm8s_tim1
     0000932D  _TIM1_OC3FastConfig                stm8s_tim1
     00009342  _TIM1_OC4FastConfig                stm8s_tim1
     00009357  _TIM1_GenerateEvent                stm8s_tim1
     0000935E  _TIM1_OC1PolarityConfig            stm8s_tim1
     00009373  _TIM1_OC1NPolarityConfig           stm8s_tim1
     00009388  _TIM1_OC2PolarityConfig            stm8s_tim1
ASxxxx Linker V03.00 + NoICE + sdld,  page 11.
Hexadecimal  [32-Bits]

Area                                    Addr        Size        Decimal Bytes (Attributes)
--------------------------------        ----        ----        ------- ----- ------------
CODE                                000080A0    00002364 =        9060. bytes (REL,CON)

      Value  Global                              Global Defined In Module
      -----  --------------------------------   ------------------------
     0000939D  _TIM1_OC2NPolarityConfig           stm8s_tim1
     000093AF  _TIM1_OC3PolarityConfig            stm8s_tim1
     000093C4  _TIM1_OC3NPolarityConfig           stm8s_tim1
     000093D9  _TIM1_OC4PolarityConfig            stm8s_tim1
     000093EE  _TIM1_CCxCmd                       stm8s_tim1
     00009455  _TIM1_CCxNCmd                      stm8s_tim1
     000094A0  _TIM1_SelectOCxM                   stm8s_tim1
     000094FD  _TIM1_SetCounter                   stm8s_tim1
     00009510  _TIM1_SetAutoreload                stm8s_tim1
     00009523  _TIM1_SetCompare1                  stm8s_tim1
     00009536  _TIM1_SetCompare2                  stm8s_tim1
     00009549  _TIM1_SetCompare3                  stm8s_tim1
     0000955C  _TIM1_SetCompare4                  stm8s_tim1
     0000956F  _TIM1_SetIC1Prescaler              stm8s_tim1
     0000957C  _TIM1_SetIC2Prescaler              stm8s_tim1
     00009589  _TIM1_SetIC3Prescaler              stm8s_tim1
     00009596  _TIM1_SetIC4Prescaler              stm8s_tim1
     000095A3  _TIM1_GetCapture1                  stm8s_tim1
     000095D0  _TIM1_GetCapture2                  stm8s_tim1
     000095FD  _TIM1_GetCapture3                  stm8s_tim1
     0000962A  _TIM1_GetCapture4                  stm8s_tim1
     00009657  _TIM1_GetCounter                   stm8s_tim1
     00009679  _TIM1_GetPrescaler                 stm8s_tim1
     0000969B  _TIM1_GetFlagStatus                stm8s_tim1
     000096C5  _TIM1_ClearFlag                    stm8s_tim1
     000096DC  _TIM1_GetITStatus                  stm8s_tim1
     000096FA  _TIM1_ClearITPendingBit            stm8s_tim1
     000097E8  _TIM2_DeInit                       stm8s_tim2
     00009845  _TIM2_TimeBaseInit                 stm8s_tim2
     0000985E  _TIM2_OC1Init                      stm8s_tim2
     0000989C  _TIM2_OC2Init                      stm8s_tim2
     000098DA  _TIM2_OC3Init                      stm8s_tim2
     00009918  _TIM2_ICInit                       stm8s_tim2
     00009966  _TIM2_PWMIConfig                   stm8s_tim2
     000099E3  _TIM2_Cmd                          stm8s_tim2
     000099F5  _TIM2_ITConfig                     stm8s_tim2
     00009A17  _TIM2_UpdateDisableConfig          stm8s_tim2
     00009A2C  _TIM2_UpdateRequestConfig          stm8s_tim2
     00009A41  _TIM2_SelectOnePulseMode           stm8s_tim2
     00009A56  _TIM2_PrescalerConfig              stm8s_tim2
     00009A63  _TIM2_ForcedOC1Config              stm8s_tim2
     00009A70  _TIM2_ForcedOC2Config              stm8s_tim2
     00009A7D  _TIM2_ForcedOC3Config              stm8s_tim2
     00009A8A  _TIM2_ARRPreloadConfig             stm8s_tim2
     00009A9C  _TIM2_OC1PreloadConfig             stm8s_tim2
     00009AB1  _TIM2_OC2PreloadConfig             stm8s_tim2
     00009AC6  _TIM2_OC3PreloadConfig             stm8s_tim2
     00009ADB  _TIM2_GenerateEvent                stm8s_tim2
     00009AE2  _TIM2_OC1PolarityConfig            stm8s_tim2
     00009AF7  _TIM2_OC2PolarityConfig            stm8s_tim2
     00009B0C  _TIM2_OC3PolarityConfig            stm8s_tim2
ASxxxx Linker V03.00 + NoICE + sdld,  page 12.
Hexadecimal  [32-Bits]

Area                                    Addr        Size        Decimal Bytes (Attributes)
--------------------------------        ----        ----        ------- ----- ------------
CODE                                000080A0    00002364 =        9060. bytes (REL,CON)

      Value  Global                              Global Defined In Module
      -----  --------------------------------   ------------------------
     00009B21  _TIM2_CCxCmd                       stm8s_tim2
     00009B69  _TIM2_SelectOCxM                   stm8s_tim2
     00009BAB  _TIM2_SetCounter                   stm8s_tim2
     00009BBE  _TIM2_SetAutoreload                stm8s_tim2
     00009BD1  _TIM2_SetCompare1                  stm8s_tim2
     00009BE4  _TIM2_SetCompare2                  stm8s_tim2
     00009BF7  _TIM2_SetCompare3                  stm8s_tim2
     00009C0A  _TIM2_SetIC1Prescaler              stm8s_tim2
     00009C17  _TIM2_SetIC2Prescaler              stm8s_tim2
     00009C24  _TIM2_SetIC3Prescaler              stm8s_tim2
     00009C31  _TIM2_GetCapture1                  stm8s_tim2
     00009C5E  _TIM2_GetCapture2                  stm8s_tim2
     00009C8B  _TIM2_GetCapture3                  stm8s_tim2
     00009CB8  _TIM2_GetCounter                   stm8s_tim2
     00009CDA  _TIM2_GetPrescaler                 stm8s_tim2
     00009CDF  _TIM2_GetFlagStatus                stm8s_tim2
     00009D09  _TIM2_ClearFlag                    stm8s_tim2
     00009D1E  _TIM2_GetITStatus                  stm8s_tim2
     00009D3C  _TIM2_ClearITPendingBit            stm8s_tim2
     00009DEF  _CLK_DeInit                        stm8s_clk
     00009E31  _CLK_FastHaltWakeUpCmd             stm8s_clk
     00009E46  _CLK_HSECmd                        stm8s_clk
     00009E58  _CLK_HSICmd                        stm8s_clk
     00009E6A  _CLK_LSICmd                        stm8s_clk
     00009E7F  _CLK_CCOCmd                        stm8s_clk
     00009E91  _CLK_ClockSwitchCmd                stm8s_clk
     00009EA6  _CLK_SlowActiveHaltWakeUpCmd       stm8s_clk
     00009EBB  _CLK_PeripheralClockConfig         stm8s_clk
     00009F13  _CLK_ClockSwitchConfig             stm8s_clk
     00009FDD  _CLK_HSIPrescalerConfig            stm8s_clk
     00009FEF  _CLK_CCOConfig                     stm8s_clk
     0000A005  _CLK_ITConfig                      stm8s_clk
     0000A055  _CLK_SYSCLKConfig                  stm8s_clk
     0000A08F  _CLK_SWIMConfig                    stm8s_clk
     0000A0A1  _CLK_ClockSecuritySystemEnable     stm8s_clk
     0000A0A6  _CLK_GetSYSCLKSource               stm8s_clk
     0000A0AB  _CLK_GetClockFreq                  stm8s_clk
     0000A105  _CLK_AdjustHSICalibrationValue     stm8s_clk
     0000A112  _CLK_SYSCLKEmergencyClear          stm8s_clk
     0000A117  _CLK_GetFlagStatus                 stm8s_clk
     0000A15D  _CLK_GetITStatus                   stm8s_clk
     0000A184  _CLK_ClearITPendingBit             stm8s_clk
     0000A19B  _HSIDivFactor                      stm8s_clk
     0000A19F  _CLKPrescTable                     stm8s_clk
     0000A1A7  __divulong                         _divulong
     0000A246  __mullong                          _mullong
     0000A3AF  __divsint                          _divsint

ASxxxx Linker V03.00 + NoICE + sdld,  page 13.

Files Linked                              [ module(s) ]

build/sys_time.rel                        [  ]
build/main.rel                            [  ]
build/stm8s_uart1.rel                     [  ]
build/stm8s_i2c.rel                       [  ]
build/stm8s_tim1.rel                      [  ]
build/stm8s_tim2.rel                      [  ]
build/stm8s_clk.rel                       [  ]


Libraries Linked                          [ object file ]

/usr/bin/../share/sdcc/lib/stm8/stm8.lib  [ _divulong.rel ]
/usr/bin/../share/sdcc/lib/stm8/stm8.lib  [ _mullong.rel ]
/usr/bin/../share/sdcc/lib/stm8/stm8.lib  [ _divsint.rel ]

ASxxxx Linker V03.00 + NoICE + sdld,  page 14.

User Base Address Definitions

HOME = 0x8000
DATA = 0x0001

